#-----------------------------------------------------------
# Vivado v2025.1 (64-bit)
# SW Build 6140274 on Thu May 22 00:12:29 MDT 2025
# IP Build 6138677 on Thu May 22 03:10:11 MDT 2025
# SharedData Build 6139179 on Tue May 20 17:58:58 MDT 2025
# Start of session at: Mon May  4 14:11:02 2026
# Process ID         : 24224
# Current directory  : C:/Projects/VivadoProjects/sobel-object-detection/sobel-object-detection.runs/frame_buffer_synth_1
# Command line       : vivado.exe -log frame_buffer.vds -product Vivado -mode batch -messageDb vivado.pb -notrace -source frame_buffer.tcl
# Log file           : C:/Projects/VivadoProjects/sobel-object-detection/sobel-object-detection.runs/frame_buffer_synth_1/frame_buffer.vds
# Journal file       : C:/Projects/VivadoProjects/sobel-object-detection/sobel-object-detection.runs/frame_buffer_synth_1\vivado.jou
# Running On         : carlostorres-pc
# Platform           : Windows Server 2016 or Windows 10
# Operating System   : 26200
# Processor Detail   : Intel(R) Core(TM) Ultra 7 256V
# CPU Frequency      : 3302 MHz
# CPU Physical cores : 8
# CPU Logical cores  : 8
# Host memory        : 16749 MB
# Swap memory        : 16749 MB
# Total Virtual      : 33499 MB
# Available Virtual  : 13630 MB
#-----------------------------------------------------------
source frame_buffer.tcl -notrace
